// Jest Snapshot v1, https://goo.gl/fbAQLP

exports[`should render the links with the link class 1`] = `
Array [
  <a
    class="link linkActive"
    href="/"
  >
    Início
  </a>,
  <a
    class="link false"
    href="/cards"
  >
    Cartões
  </a>,
  <a
    class="link false"
    href="/services"
  >
    Serviços
  </a>,
  <a
    class="link false"
    href="/investments"
  >
    Investimentos
  </a>,
]
`;
