// Jest Snapshot v1, https://goo.gl/fbAQLP

exports[`Deve renderizar os links com a classe link 1`] = `
Array [
  <a
    class="link false"
    href="/"
  >
    Início
  </a>,
  <a
    class="link false"
    href="/cards"
  >
    Cartões
  </a>,
  <a
    class="link false"
    href="/services"
  >
    Serviços
  </a>,
  <a
    class="link false"
    href="/investments"
  >
    Investimentos
  </a>,
]
`;
